2026-08-29T15:25:00.878964Z  INFO tailwindcss_oxide::scanner: Provided sources:
2026-08-29T15:25:00.879036Z  INFO tailwindcss_oxide::scanner: Source: PublicSourceEntry { base: "/Users/tiziano.cappai/Personale/Progetti/finance-journal/electron", pattern: "**/*", negated: false }
2026-08-29T15:25:00.888937Z  INFO tailwindcss_oxide::scanner: Optimized sources:
2026-08-29T15:25:00.888977Z  INFO tailwindcss_oxide::scanner: Source: Auto { base: "/Users/tiziano.cappai/Personale/Progetti/finance-journal/electron" }
2026-08-29T15:25:00.889793Z  INFO discover_sources: tailwindcss_oxide::scanner: enter
2026-08-29T15:25:00.889821Z  INFO discover_sources:walk_synchronous: tailwindcss_oxide::scanner: enter
2026-08-29T15:25:00.894936Z  INFO discover_sources:walk_synchronous: tailwindcss_oxide::scanner: exit
2026-08-29T15:25:00.896120Z  INFO tailwindcss_oxide::scanner: Reading "/Users/tiziano.cappai/Personale/Progetti/finance-journal/electron/.npmrc"
2026-08-29T15:25:00.896141Z  INFO tailwindcss_oxide::scanner: Reading "/Users/tiziano.cappai/Personale/Progetti/finance-journal/electron/vite.preload.config.ts"
2026-08-29T15:25:00.896284Z  INFO tailwindcss_oxide::scanner: Reading "/Users/tiziano.cappai/Personale/Progetti/finance-journal/electron/src/renderer/stores/theme.ts"
2026-08-29T15:25:00.896188Z  INFO tailwindcss_oxide::scanner: Reading "/Users/tiziano.cappai/Personale/Progetti/finance-journal/electron/src/renderer/components/ResocontoLayout.tsx"
2026-08-29T15:25:00.896210Z  INFO tailwindcss_oxide::scanner: Reading "/Users/tiziano.cappai/Personale/Progetti/finance-journal/electron/pnpm-workspace.yaml"
2026-08-29T15:25:00.896224Z  INFO tailwindcss_oxide::scanner: Reading "/Users/tiziano.cappai/Personale/Progetti/finance-journal/electron/src/renderer/stores/lookup.ts"
2026-08-29T15:25:00.896159Z  INFO tailwindcss_oxide::scanner: Reading "/Users/tiziano.cappai/Personale/Progetti/finance-journal/electron/src/renderer/components/MovimentoDialog.tsx"
2026-08-29T15:25:00.896407Z  INFO tailwindcss_oxide::scanner: Reading "/Users/tiziano.cappai/Personale/Progetti/finance-journal/electron/playwright.config.ts"
2026-08-29T15:25:00.896848Z  INFO tailwindcss_oxide::scanner: Reading "/Users/tiziano.cappai/Personale/Progetti/finance-journal/electron/index.html"
2026-08-29T15:25:00.897026Z  INFO tailwindcss_oxide::scanner: Reading "/Users/tiziano.cappai/Personale/Progetti/finance-journal/electron/src/renderer/types/movimento.ts"
2026-08-29T15:25:00.897499Z  INFO tailwindcss_oxide::scanner: Reading "/Users/tiziano.cappai/Personale/Progetti/finance-journal/electron/src/renderer/components/Sidebar.tsx"
2026-08-29T15:25:00.897515Z  INFO tailwindcss_oxide::scanner: Reading "/Users/tiziano.cappai/Personale/Progetti/finance-journal/electron/src/renderer/stores/movimenti.ts"
2026-08-29T15:25:00.897530Z  INFO tailwindcss_oxide::scanner: Reading "/Users/tiziano.cappai/Personale/Progetti/finance-journal/electron/src/renderer/components/screens/ImpostazioniScreen.tsx"
2026-08-29T15:25:00.897530Z  INFO tailwindcss_oxide::scanner: Reading "/Users/tiziano.cappai/Personale/Progetti/finance-journal/electron/src/renderer/index.tsx"
2026-08-29T15:25:00.897669Z  INFO tailwindcss_oxide::scanner: Reading "/Users/tiziano.cappai/Personale/Progetti/finance-journal/electron/vitest.config.ts"
2026-08-29T15:25:00.897609Z  INFO tailwindcss_oxide::scanner: Reading "/Users/tiziano.cappai/Personale/Progetti/finance-journal/electron/forge.config.ts"
2026-08-29T15:25:00.897552Z  INFO tailwindcss_oxide::scanner: Reading "/Users/tiziano.cappai/Personale/Progetti/finance-journal/electron/package.json"
2026-08-29T15:25:00.897732Z  INFO tailwindcss_oxide::scanner: Reading "/Users/tiziano.cappai/Personale/Progetti/finance-journal/electron/components.json"
2026-08-29T15:25:00.897776Z  INFO tailwindcss_oxide::scanner: Reading "/Users/tiziano.cappai/Personale/Progetti/finance-journal/electron/src/renderer/stores/app.ts"
2026-08-29T15:25:00.902575Z  INFO tailwindcss_oxide::scanner: Reading "/Users/tiziano.cappai/Personale/Progetti/finance-journal/electron/vite.main.config.ts"
2026-08-29T15:25:00.903402Z  INFO tailwindcss_oxide::scanner: Reading "/Users/tiziano.cappai/Personale/Progetti/finance-journal/electron/src/renderer/lib/ag-theme.ts"
2026-08-29T15:25:00.903455Z  INFO tailwindcss_oxide::scanner: Reading "/Users/tiziano.cappai/Personale/Progetti/finance-journal/electron/src/renderer/App.tsx"
2026-08-29T15:25:00.903455Z  INFO tailwindcss_oxide::scanner: Reading "/Users/tiziano.cappai/Personale/Progetti/finance-journal/electron/src/renderer/components/screens/MovimentiScreen.tsx"
2026-08-29T15:25:00.903459Z  INFO tailwindcss_oxide::scanner: Reading "/Users/tiziano.cappai/Personale/Progetti/finance-journal/electron/vite.electron.config.ts"
2026-08-29T15:25:00.903647Z  INFO tailwindcss_oxide::scanner: Reading "/Users/tiziano.cappai/Personale/Progetti/finance-journal/electron/e2e/movimento.spec.ts"
2026-08-29T15:25:00.903677Z  INFO tailwindcss_oxide::scanner: Reading "/Users/tiziano.cappai/Personale/Progetti/finance-journal/electron/src/ipc/export_import.test.ts"
2026-08-29T15:25:00.903884Z  INFO tailwindcss_oxide::scanner: Reading "/Users/tiziano.cappai/Personale/Progetti/finance-journal/electron/src/renderer/components/screens/DashboardScreen.tsx"
2026-08-29T15:25:00.903886Z  INFO tailwindcss_oxide::scanner: Reading "/Users/tiziano.cappai/Personale/Progetti/finance-journal/electron/tsconfig.json"
2026-08-29T15:25:00.903958Z  INFO tailwindcss_oxide::scanner: Reading "/Users/tiziano.cappai/Personale/Progetti/finance-journal/electron/src/renderer/stores/dashboard.ts"
2026-08-29T15:25:00.905606Z  INFO tailwindcss_oxide::scanner: Reading "/Users/tiziano.cappai/Personale/Progetti/finance-journal/electron/src/ipc/dettagli.ts"
2026-08-29T15:25:00.906314Z  INFO tailwindcss_oxide::scanner: Reading "/Users/tiziano.cappai/Personale/Progetti/finance-journal/electron/vite.renderer.config.ts"
2026-08-29T15:25:00.906340Z  INFO tailwindcss_oxide::scanner: Reading "/Users/tiziano.cappai/Personale/Progetti/finance-journal/electron/src/renderer/lib/utils.ts"
2026-08-29T15:25:00.906367Z  INFO tailwindcss_oxide::scanner: Reading "/Users/tiziano.cappai/Personale/Progetti/finance-journal/electron/src/ipc/dashboard.ts"
2026-08-29T15:25:00.906460Z  INFO tailwindcss_oxide::scanner: Reading "/Users/tiziano.cappai/Personale/Progetti/finance-journal/electron/src/renderer/lib/ag-theme.test.ts"
2026-08-29T15:25:00.906481Z  INFO tailwindcss_oxide::scanner: Reading "/Users/tiziano.cappai/Personale/Progetti/finance-journal/electron/src/vite-env.d.ts"
2026-08-29T15:25:00.908133Z  INFO tailwindcss_oxide::scanner: Reading "/Users/tiziano.cappai/Personale/Progetti/finance-journal/electron/src/ipc/movimenti.ts"
2026-08-29T15:25:00.908273Z  INFO tailwindcss_oxide::scanner: Reading "/Users/tiziano.cappai/Personale/Progetti/finance-journal/electron/src/ipc/metodi_pagamento.test.ts"
2026-08-29T15:25:00.908352Z  INFO tailwindcss_oxide::scanner: Reading "/Users/tiziano.cappai/Personale/Progetti/finance-journal/electron/src/ipc/types.ts"
2026-08-29T15:25:00.915497Z  INFO tailwindcss_oxide::scanner: Reading "/Users/tiziano.cappai/Personale/Progetti/finance-journal/electron/src/ipc/metodi_pagamento.ts"
2026-08-29T15:25:00.915791Z  INFO tailwindcss_oxide::scanner: Reading "/Users/tiziano.cappai/Personale/Progetti/finance-journal/electron/src/ipc/categorie.ts"
2026-08-29T15:25:00.915834Z  INFO tailwindcss_oxide::scanner: Reading "/Users/tiziano.cappai/Personale/Progetti/finance-journal/electron/src/ipc/index.ts"
2026-08-29T15:25:00.915851Z  INFO tailwindcss_oxide::scanner: Reading "/Users/tiziano.cappai/Personale/Progetti/finance-journal/electron/src/preload.ts"
2026-08-29T15:25:00.915865Z  INFO tailwindcss_oxide::scanner: Reading "/Users/tiziano.cappai/Personale/Progetti/finance-journal/electron/src/db/index.ts"
2026-08-29T15:25:00.916108Z  INFO tailwindcss_oxide::scanner: Reading "/Users/tiziano.cappai/Personale/Progetti/finance-journal/electron/src/main.ts"
2026-08-29T15:25:00.916187Z  INFO tailwindcss_oxide::scanner: Reading "/Users/tiziano.cappai/Personale/Progetti/finance-journal/electron/src/ipc/export_import.ts"
2026-08-29T15:25:00.916194Z  INFO tailwindcss_oxide::scanner: Reading "/Users/tiziano.cappai/Personale/Progetti/finance-journal/electron/src/ipc/impostazioni.ts"
2026-08-29T15:25:00.916231Z  INFO tailwindcss_oxide::scanner: Reading "/Users/tiziano.cappai/Personale/Progetti/finance-journal/electron/src/db/index.test.ts"
2026-08-29T15:25:00.916230Z  INFO tailwindcss_oxide::scanner: Reading "/Users/tiziano.cappai/Personale/Progetti/finance-journal/electron/src/ipc/movimenti.test.ts"
2026-08-29T15:25:00.916601Z  INFO tailwindcss_oxide::scanner: Reading "/Users/tiziano.cappai/Personale/Progetti/finance-journal/electron/src/ipc/dashboard.test.ts"
2026-08-29T15:25:00.916613Z  INFO tailwindcss_oxide::scanner: Reading "/Users/tiziano.cappai/Personale/Progetti/finance-journal/electron/src/ipc/dettagli.test.ts"
2026-08-29T15:25:00.917063Z  INFO tailwindcss_oxide::scanner: Reading "/Users/tiziano.cappai/Personale/Progetti/finance-journal/electron/src/ipc/categorie.test.ts"
2026-08-29T15:25:00.917500Z  INFO tailwindcss_oxide::scanner: Reading "/Users/tiziano.cappai/Personale/Progetti/finance-journal/electron/src/ipc/impostazioni.test.ts"
2026-08-29T15:25:00.917922Z  INFO discover_sources: tailwindcss_oxide::scanner: exit
2026-08-29T15:25:00.917947Z  INFO extract_candidates: tailwindcss_oxide::scanner: enter
2026-08-29T15:25:00.917956Z  INFO extract_candidates:parse_all_blobs: tailwindcss_oxide::scanner: enter
2026-08-29T15:25:00.917965Z  INFO extract_candidates:parse_all_blobs:extract: tailwindcss_oxide::scanner: enter
2026-08-29T15:25:00.919566Z  INFO extract_candidates:parse_all_blobs:extract: tailwindcss_oxide::scanner: exit
2026-08-29T15:25:00.919586Z  INFO extract_candidates:parse_all_blobs: tailwindcss_oxide::scanner: exit
2026-08-29T15:25:00.919595Z  INFO extract_candidates:read_all_files: tailwindcss_oxide::scanner: enter
2026-08-29T15:25:00.919602Z  INFO extract_candidates:read_all_files: tailwindcss_oxide::scanner: Reading 1 file(s)
2026-08-29T15:25:00.920005Z  INFO extract_candidates:read_all_files: tailwindcss_oxide::scanner: Reading "/Users/tiziano.cappai/Personale/Progetti/finance-journal/electron/src/renderer/index.css"
2026-08-29T15:25:00.920017Z  INFO extract_candidates:read_all_files: tailwindcss_oxide::scanner: exit
2026-08-29T15:25:00.920024Z  INFO extract_candidates:extract_css_variables: tailwindcss_oxide::scanner: enter
2026-08-29T15:25:00.920032Z  INFO extract_candidates:extract_css_variables:extract: tailwindcss_oxide::scanner: enter
2026-08-29T15:25:00.920430Z  INFO extract_candidates:extract_css_variables:extract: tailwindcss_oxide::scanner: exit
2026-08-29T15:25:00.920446Z  INFO extract_candidates:extract_css_variables: tailwindcss_oxide::scanner: exit
2026-08-29T15:25:00.920609Z  INFO extract_candidates: tailwindcss_oxide::scanner: exit
2026-08-29T15:25:00.921598Z  INFO get_files: tailwindcss_oxide::scanner: enter
2026-08-29T15:25:00.921657Z  INFO get_files:discover_sources: tailwindcss_oxide::scanner: enter
2026-08-29T15:25:00.921668Z  INFO get_files:discover_sources: tailwindcss_oxide::scanner: exit
2026-08-29T15:25:00.921881Z  INFO get_files: tailwindcss_oxide::scanner: exit
2026-08-29T15:25:00.922040Z  INFO get_globs: tailwindcss_oxide::scanner: enter
2026-08-29T15:25:00.922053Z  INFO get_globs:discover_sources: tailwindcss_oxide::scanner: enter
2026-08-29T15:25:00.922060Z  INFO get_globs:discover_sources: tailwindcss_oxide::scanner: exit
2026-08-29T15:25:00.933093Z  INFO get_globs: tailwindcss_oxide::scanner: exit
